// Jest Snapshot v1, https://goo.gl/fbAQLP

exports[`App renders correctly 1`] = `
<div>
  <Header />
  <div
    className="container"
  >
    <div
      className="app"
    />
  </div>
</div>
`;
