// Jest Snapshot v1, https://goo.gl/fbAQLP

exports[`Generator click on generate calls generateSchedule and returns results 1`] = `
<div>
  <Button
    active={false}
    block={false}
    bsClass="btn"
    bsSize="large"
    bsStyle="primary"
    disabled={false}
    onClick={[Function]}
  >
    Generate Schedule
  </Button>
  <hr />
  <Table
    bordered={false}
    bsClass="table"
    condensed={false}
    hover={false}
    responsive={false}
    striped={true}
  >
    <thead>
      <tr>
        <th>
          Date
        </th>
        <th>
          Shift
        </th>
        <th>
          Engineer Id
        </th>
      </tr>
    </thead>
    <tbody>
      <tr
        key="2018-08-20-Morning"
      >
        <td>
          2018-08-20
        </td>
        <td>
          Morning
        </td>
        <td>
          6
        </td>
      </tr>
      <tr
        key="2018-08-20-Afternoon"
      >
        <td>
          2018-08-20
        </td>
        <td>
          Afternoon
        </td>
        <td>
          7
        </td>
      </tr>
      <tr
        key="2018-08-21-Morning"
      >
        <td>
          2018-08-21
        </td>
        <td>
          Morning
        </td>
        <td>
          10
        </td>
      </tr>
      <tr
        key="2018-08-21-Afternoon"
      >
        <td>
          2018-08-21
        </td>
        <td>
          Afternoon
        </td>
        <td>
          5
        </td>
      </tr>
      <tr
        key="2018-08-22-Morning"
      >
        <td>
          2018-08-22
        </td>
        <td>
          Morning
        </td>
        <td>
          4
        </td>
      </tr>
      <tr
        key="2018-08-22-Afternoon"
      >
        <td>
          2018-08-22
        </td>
        <td>
          Afternoon
        </td>
        <td>
          9
        </td>
      </tr>
      <tr
        key="2018-08-23-Morning"
      >
        <td>
          2018-08-23
        </td>
        <td>
          Morning
        </td>
        <td>
          8
        </td>
      </tr>
      <tr
        key="2018-08-23-Afternoon"
      >
        <td>
          2018-08-23
        </td>
        <td>
          Afternoon
        </td>
        <td>
          3
        </td>
      </tr>
      <tr
        key="2018-08-24-Morning"
      >
        <td>
          2018-08-24
        </td>
        <td>
          Morning
        </td>
        <td>
          1
        </td>
      </tr>
      <tr
        key="2018-08-24-Afternoon"
      >
        <td>
          2018-08-24
        </td>
        <td>
          Afternoon
        </td>
        <td>
          2
        </td>
      </tr>
    </tbody>
  </Table>
</div>
`;

exports[`Generator renders correctly on init 1`] = `
<div>
  <Button
    active={false}
    block={false}
    bsClass="btn"
    bsSize="large"
    bsStyle="primary"
    disabled={false}
    onClick={[Function]}
  >
    Generate Schedule
  </Button>
  <hr />
</div>
`;
