// Jest Snapshot v1, https://goo.gl/fbAQLP

exports[`NotFound renders correctly 1`] = `
<Jumbotron
  bsClass="jumbotron"
  componentClass="div"
>
  <h1>
    Page Not Found!
  </h1>
</Jumbotron>
`;
