// Jest Snapshot v1, https://goo.gl/fbAQLP

exports[`Shift renders correctly 1`] = `
<Col
  bsClass="col"
  componentClass="div"
  md={6}
>
  <MediaHeading
    bsClass="media-heading"
    componentClass="h4"
  >
    Nap Nimmo
  </MediaHeading>
  <p>
    <strong>
      Morning
    </strong>
  </p>
</Col>
`;
